Flutter crash report.
Please report a bug at https://github.com/flutter/flutter/issues.

## command

flutter --no-color run --machine --track-widget-creation --device-id=emulator-5554 --start-paused --dart-define=flutter.inspector.structuredErrors=true lib\main.dart

## exception

ProcessException: ProcessException: An Application Control policy has blocked this file (at ../../runtime/bin/process_win.cc:579)
  Command: "D:\Compilers\for flutter\src\flutter\bin\cache\dart-sdk\bin\dartaotruntime.exe" "D:\Compilers\for flutter\src\flutter\bin\cache\dart-sdk\bin\snapshots\frontend_server_aot.dart.snapshot" --sdk-root "D:\Compilers\for flutter\src\flutter\bin\cache\artifacts\engine\common\flutter_patched_sdk/" --incremental --target=flutter --experimental-emit-debug-metadata -Dflutter.inspector.structuredErrors=true -DFLUTTER_BUILD_NAME=1.0.0 -DFLUTTER_BUILD_NUMBER=1 -DFLUTTER_VERSION=3.47.1 -DFLUTTER_CHANNEL=stable -DFLUTTER_GIT_URL=https://github.com/flutter/flutter.git -DFLUTTER_FRAMEWORK_REVISION=6655482ec0 -DFLUTTER_ENGINE_REVISION=5d53178869 -DFLUTTER_DART_VERSION=3.13.1 --output-dill C:\Users\filop\AppData\Local\Temp\flutter_tools.85effb15\flutter_tool.3927a8c\app.dill --packages D:\GitHub\saibintern\.dart_tool\package_config.json -Ddart.vm.profile=false -Ddart.vm.product=false --enable-asserts --track-widget-creation --filesystem-scheme org-dartlang-root --initialize-from-dill build\bf8e50c605be362eee6bbadee029b171.cache.dill.track.dill --source file:///D:/GitHub/saibintern/.dart_tool/flutter_build/dart_plugin_registrant.dart --source package:flutter/src/dart_plugin_registrant.dart -Dflutter.dart_plugin_registrant=file:///D:/GitHub/saibintern/.dart_tool/flutter_build/dart_plugin_registrant.dart --verbosity=error --enable-experiment=alternative-invalidation-strategy

```
#0      _ProcessImpl._start (dart:io-patch/process_patch.dart:411:33)
#1      Process.start (dart:io-patch/process_patch.dart:42:20)
#2      LocalProcessManager.start (package:process/src/interface/local_process_manager.dart:42:22)
#3      ErrorHandlingProcessManager.start.<anonymous closure> (package:flutter_tools/src/base/error_handling_io.dart:1284:26)
#4      _run (package:flutter_tools/src/base/error_handling_io.dart:1052:22)
#5      ErrorHandlingProcessManager.start (package:flutter_tools/src/base/error_handling_io.dart:1282:12)
#6      DefaultResidentCompiler._compile (package:flutter_tools/src/compile.dart:1000:37)
#7      DefaultResidentCompiler._recompile (package:flutter_tools/src/compile.dart:877:14)
#8      _RecompileRequest._run (package:flutter_tools/src/compile.dart:451:84)
#9      _CompilationRequest.run (package:flutter_tools/src/compile.dart:424:30)
#10     DefaultResidentCompiler._handleCompilationRequest (package:flutter_tools/src/compile.dart:928:23)
#11     _rootRunUnary (dart:async/zone_root.dart:48:47)
#12     _CustomZone.runUnary (dart:async/zone.dart:816:35)
#13     _CustomZone.runUnaryGuarded (dart:async/zone.dart:710:7)
#14     _BufferingStreamSubscription._sendData (dart:async/stream_impl.dart:381:11)
#15     _DelayedData.perform (dart:async/stream_impl.dart:573:14)
#16     _PendingEvents.handleNext (dart:async/stream_impl.dart:678:11)
#17     _PendingEvents.schedule.<anonymous closure> (dart:async/stream_impl.dart:649:7)
#18     _rootRun (dart:async/zone_root.dart:27:47)
#19     _CustomZone.run (dart:async/zone.dart:810:35)
#20     _CustomZone.runGuarded (dart:async/zone.dart:702:7)
#21     _CustomZone.bindCallbackGuarded.<anonymous closure> (dart:async/zone.dart:743:23)
#22     _rootRun (dart:async/zone_root.dart:35:13)
#23     _CustomZone.run (dart:async/zone.dart:810:35)
#24     _CustomZone.runGuarded (dart:async/zone.dart:702:7)
#25     _CustomZone.bindCallbackGuarded.<anonymous closure> (dart:async/zone.dart:743:23)
#26     _microtaskLoop (dart:async/schedule_microtask.dart:40:35)
#27     _startMicrotaskLoop (dart:async/schedule_microtask.dart:49:5)
#28     _runPendingImmediateCallback (dart:isolate-patch/isolate_patch.dart:127:13)
#29     _RawReceivePort._handleMessage (dart:isolate-patch/isolate_patch.dart:193:5)
```

## flutter doctor

```
[✓] Flutter (Channel stable, 3.47.1, on Microsoft Windows [Version 10.0.26200.9168], locale en-US) [515ms]
    • Flutter version 3.47.1 on channel stable at D:\Compilers\for flutter\src\flutter
    • Upstream repository https://github.com/flutter/flutter.git
    • Framework revision 6655482ec0 (6 days ago), 2026-08-19 10:07:23 -0700
    • Engine revision 5d53178869
    • Dart version 3.13.1
    • DevTools version 2.60.0
    • Feature flags: enable-web, enable-linux-desktop, enable-macos-desktop, enable-windows-desktop, enable-android, enable-ios, cli-animations, enable-native-assets, enable-record-use, enable-swift-package-manager, omit-legacy-version-file, enable-lldb-debugging, enable-uiscene-migration

[✓] Windows Version (Windows 11 or higher, 25H2, 2009) [2.1s]

[!] Android toolchain - develop for Android devices (Android SDK version 36.0.0) [623ms]
    • Android SDK at C:\Users\filop\AppData\Local\Android\sdk
    • Emulator version 37.1.11.0 (build_id 15917651) (CL:N/A)
    • Platform android-36.1, build-tools 36.0.0
    • Java binary at: D:\Compilers\Andriod studio\jbr\bin\java
      This is the JDK bundled with the latest Android Studio installation on this machine.
      To manually set the JDK path, use: `flutter config --jdk-dir="path/to/jdk"`.
    • Java version OpenJDK Runtime Environment (build 25.0.2+-15348964-b329.117)
    ✗ Android license status unknown.
      Run `flutter doctor --android-licenses` to accept the SDK licenses.
      See https://flutter.dev/to/windows-android-setup for more details.

[✓] Chrome - develop for the web [238ms]
    • Chrome at C:\Program Files\Google\Chrome\Application\chrome.exe

[✓] Visual Studio - develop Windows apps (Visual Studio Community 2026 18.8.2) [237ms]
    • Visual Studio at D:\Compilers\C# desktop
    • Visual Studio Community 2026 version 18.8.12023.21
    • Windows 10 SDK version 10.0.26100.0

[✓] Connected device (4 available) [445ms]
    • sdk gphone64 x86 64 (mobile) • emulator-5554 • android-x64    • Android 16 (API 36) (emulator)
    • Windows (desktop)            • windows       • windows-x64    • Microsoft Windows [Version 10.0.26200.9168]
    • Chrome (web)                 • chrome        • web-javascript • Google Chrome 151.0.7922.174
    • Edge (web)                   • edge          • web-javascript • Microsoft Edge 151.0.4129.78

[✓] Network resources [509ms]
    • All expected network resources are available.

! Doctor found issues in 1 category.
```
